>#HotIf WinActive("ahk_class Notepad") or WinActive(MyWindowTitle)
#^ source.ahk2 keyword.control.directive.ahk2 punctuation.definition.directive.ahk2
# ^^^^^ source.ahk2 keyword.control.directive.ahk2
#      ^ source.ahk2
#       ^^^^^^^^^ source.ahk2 entity.name.function.ahk2 support.function.ahk2
#                ^ source.ahk2 meta.parens.ahk2 punctuation.section.parens.begin.bracket.round.ahk2
#                 ^ source.ahk2 meta.parens.ahk2 string.quoted.ahk2 punctuation.definition.string.begin.ahk2
#                  ^^^^^^^^^^^^^^^^^ source.ahk2 meta.parens.ahk2 string.quoted.ahk2
#                                   ^ source.ahk2 meta.parens.ahk2 string.quoted.ahk2 punctuation.definition.string.end.ahk2
#                                    ^ source.ahk2 meta.parens.ahk2 punctuation.section.parens.end.bracket.round.ahk2
#                                     ^ source.ahk2
#                                      ^^ source.ahk2 keyword.operator.expression.ahk2
#                                        ^ source.ahk2
#                                         ^^^^^^^^^ source.ahk2 entity.name.function.ahk2 support.function.ahk2
#                                                  ^ source.ahk2 meta.parens.ahk2 punctuation.section.parens.begin.bracket.round.ahk2
#                                                   ^^^^^^^^^^^^^ source.ahk2 meta.parens.ahk2 variable.other.ahk2
#                                                                ^ source.ahk2 meta.parens.ahk2 punctuation.section.parens.end.bracket.round.ahk2
>#Space::MsgBox "You pressed Win+Spacebar in Notepad or " MyWindowTitle
#^^^^^^ source.ahk2 hotkey.ahk2 keyword.keys.ahk2
#      ^^ source.ahk2 punctuation.definition.colon
#        ^^^^^^ source.ahk2 variable.other.ahk2 support.function.ahk2
#              ^ source.ahk2
#               ^ source.ahk2 string.quoted.ahk2 punctuation.definition.string.begin.ahk2
#                ^^^^^^^^^^^^^^^^^^^^^^^^^^^^^^^^^^^^^^^ source.ahk2 string.quoted.ahk2
#                                                       ^ source.ahk2 string.quoted.ahk2 punctuation.definition.string.end.ahk2
#                                                        ^ source.ahk2
#                                                         ^^^^^^^^^^^^^ source.ahk2 variable.other.ahk2
>#HotIf
#^ source.ahk2 keyword.control.directive.ahk2 punctuation.definition.directive.ahk2
# ^^^^^ source.ahk2 keyword.control.directive.ahk2
>